[www.geewinexim.com/index.html]
[backblue.gif]
[fade.gif]
[index.html]
[www.geewinexim.com/images/favicon.png]
[www.geewinexim.com/js/jquery-2.2.0.min.js]
[www.geewinexim.com/js/jquery-ui.min.js]
[www.geewinexim.com/js/bootstrap.min.js]
[www.geewinexim.com/js/jquery-plugin-collection.js]
[www.geewinexim.com/js/revolution-slider/js/jquery.themepunch.tools.min.js]
[www.geewinexim.com/js/revolution-slider/js/jquery.themepunch.revolution.min.js]
[www.geewinexim.com/js/custom-rev-slider.js]
[www.geewinexim.com/index-2.html]
[www.geewinexim.com/images/logo.jpg]
[www.geewinexim.com/images/certificates/certificate-star-1.jpg]
[www.geewinexim.com/images/certificates/logo-certificate-star-1.png]
[www.geewinexim.com/images/certificates/certificate2.jpg]
[www.geewinexim.com/images/certificates/logo-certificate1.jpg]
[www.geewinexim.com/images/certificates/certificate1.jpg]
[www.geewinexim.com/images/certificates/logo-certificate2.jpg]
[www.geewinexim.com/images/certificates/apeda.jpg]
[www.geewinexim.com/images/certificates/apeda-small.jpg]
[www.geewinexim.com/images/certificates/madurai.jpg]
[www.geewinexim.com/images/certificates/estd.jpg]
[www.geewinexim.com/images/certificates/trust-seal.jpg]
[www.geewinexim.com/profile.html]
[www.geewinexim.com/about.html]
[www.geewinexim.com/management-team.html]
[www.geewinexim.com/infrastructure.html]
[www.geewinexim.com/products.html]
[www.geewinexim.com/cavendish-banana.html]
[www.geewinexim.com/indian-coconut.html]
[www.geewinexim.com/coconut-copra.html]
[www.geewinexim.com/coconut-shell.html]
[www.geewinexim.com/coconut-shell-charcoal.html]
[www.geewinexim.com/desiccated-coconut-powder.html]
[www.geewinexim.com/indian-rice.html]
[www.geewinexim.com/coir-fiber.html]
[www.geewinexim.com/cocopeat-block.html]
[www.geewinexim.com/grains-and-pulses.html]
[www.geewinexim.com/turmeric-finger.html]
[www.geewinexim.com/dry-red-chilly.html]
[www.geewinexim.com/onion.html]
[www.geewinexim.com/potato.html]
[www.geewinexim.com/safety-matches.html]
[www.geewinexim.com/cardboard-match-boxes.html]
[www.geewinexim.com/barbecue-matches.html]
[www.geewinexim.com/hotel-matches.html]
[www.geewinexim.com/wax-match-box.html]
[www.geewinexim.com/book-match-box.html]
[www.geewinexim.com/box-type-matches.html]
[www.geewinexim.com/jumbo-match-boxes.html]
[www.geewinexim.com/tent-shape-matches.html]
[www.geewinexim.com/veneer-match-boxes.html]
[www.geewinexim.com/kitchen-match-boxes.html]
[www.geewinexim.com/certificates.html]
[www.geewinexim.com/brands.html]
[www.geewinexim.com/images.html]
[www.geewinexim.com/video.html]
[www.geewinexim.com/event.html]
[www.geewinexim.com/price-details.html]
[www.geewinexim.com/images/front-page/banana.jpg]
[www.geewinexim.com/images/front-page/coconut-copra.jpg]
[www.geewinexim.com/images/front-page/coconut.jpg]
[www.geewinexim.com/images/front-page/coir.jpg]
[www.geewinexim.com/images/front-page/gherkins.jpg]
[www.geewinexim.com/gherkins.html]
[www.geewinexim.com/images/front-page/spices.jpg]
[www.geewinexim.com/indian-spices.html]
[www.geewinexim.com/images/front-page/nuts.jpg]
[www.geewinexim.com/cashew-nuts.html]
[www.geewinexim.com/images/front-page/chickpeas.jpg]
[www.geewinexim.com/images/front-page/eggs.jpg]
[www.geewinexim.com/chicken-eggs.html]
[www.geewinexim.com/images/front-page/safety-matches.jpg]
[www.geewinexim.com/images/front-page/vegetables.jpg]
[www.geewinexim.com/fresh-vegetables.html]
[www.geewinexim.com/images/front-page/turmeric-finger.jpg]
[www.geewinexim.com/images/front-page/red-chilly.jpg]
[www.geewinexim.com/images/front-page/onion.jpg]
[www.geewinexim.com/images/front-page/potato.jpg]
[www.geewinexim.com/images/front-page/tea.jpg]
[www.geewinexim.com/tea.html]
[www.geewinexim.com/images/certificates/hm-certificate-star-1.jpg]
[www.geewinexim.com/images/certificates/tuv-apr21.jpg]
[www.geewinexim.com/images/certificates/hm_tuv-1.jpg]
[www.geewinexim.com/images/certificates/spice-board -certificate.jpg]
[www.geewinexim.com/images/certificates/hm-spice.jpg]
[www.geewinexim.com/images/certificates/biqs.jpg]
[www.geewinexim.com/images/certificates/hm-biqs.jpg]
[www.geewinexim.com/images/certificates/dun.jpg]
[www.geewinexim.com/images/certificates/hm-dun.jpg]
[www.geewinexim.com/images/certificates/analize.jpg]
[www.geewinexim.com/images/certificates/hm-analize.jpg]
[www.geewinexim.com/images/certificates/coir-product.jpg]
[www.geewinexim.com/images/certificates/hm-coir.jpg]
[www.geewinexim.com/images/certificates/federation.jpg]
[www.geewinexim.com/images/certificates/hm-federation.jpg]
[www.geewinexim.com/images/certificates/hm-madurai.jpg]
[www.geewinexim.com/images/certificates/renewal.jpg]
[www.geewinexim.com/images/certificates/hm-renewal.jpg]
[www.geewinexim.com/images/certificates/hm-apeda.jpg]
[www.geewinexim.com/images/certificates/coconut-board.jpg]
[www.geewinexim.com/images/certificates/hm-coconut-board.jpg]
[www.geewinexim.com/images/certificates/health.jpg]
[www.geewinexim.com/images/certificates/hm-health.jpg]
[www.geewinexim.com/images/certificates/sgs.jpg]
[www.geewinexim.com/images/certificates/hm-sgs.jpg]
[www.geewinexim.com/images/certificates/health-quality.jpg]
[www.geewinexim.com/images/certificates/hm-health-quality.jpg]
[www.geewinexim.com/images/certificates/ccitp-1.jpg]
[www.geewinexim.com/images/certificates/hm-ccitp-1.jpg]
[www.geewinexim.com/images/certificates/ccitp-memebership.jpg]
[www.geewinexim.com/images/certificates/hm-ccitp-memebership.jpg]
[www.geewinexim.com/images/certificates/fieo-apr21.jpg]
[www.geewinexim.com/images/certificates/fieo-certificate-apr21-1.jpg]
[www.geewinexim.com/images/certificates/msme-1.jpg]
[www.geewinexim.com/images/certificates/hm-msme-1.jpg]
[www.geewinexim.com/images/certificates/gst.jpg]
[www.geewinexim.com/images/certificates/hm-gst.jpg]
[www.geewinexim.com/images/certificates/hm-db.jpg]
[cdnjs.cloudflare.com/ajax/libs/font-awesome/4.7.0/css/font-awesome.min.css]
[www.geewinexim.com/mail/captcha.jpg]
[www.geewinexim.com/mail/form.js]
[www.geewinexim.com/images/foot-logo.png]
[www.geewinexim.com/images/onedotlogo.png]
[collectcdn.com/launcher.js]
[www.geewinexim.com/js/custom.js]
[www.geewinexim.com/js/revolution-slider/js/extensions/revolution.extension.actions.min.js]
[www.geewinexim.com/js/revolution-slider/js/extensions/revolution.extension.carousel.min.js]
[www.geewinexim.com/js/revolution-slider/js/extensions/revolution.extension.kenburn.min.js]
[www.geewinexim.com/js/revolution-slider/js/extensions/revolution.extension.layeranimation.min.js]
[www.geewinexim.com/js/revolution-slider/js/extensions/revolution.extension.migration.min.js]
[www.geewinexim.com/js/revolution-slider/js/extensions/revolution.extension.navigation.min.js]
[www.geewinexim.com/js/revolution-slider/js/extensions/revolution.extension.parallax.min.js]
[www.geewinexim.com/js/revolution-slider/js/extensions/revolution.extension.slideanims.min.js]
[www.geewinexim.com/js/revolution-slider/js/extensions/revolution.extension.video.min.js]
[www.geewinexim.com/index.html]
[www.geewinexim.com/fonts/glyphicons-halflings-regular.eot]
[www.geewinexim.com/fonts/glyphicons-halflings-regulard41d.eot]
[www.geewinexim.com/fonts/glyphicons-halflings-regular.woff2]
[www.geewinexim.com/fonts/glyphicons-halflings-regular.woff]
[www.geewinexim.com/fonts/glyphicons-halflings-regular.ttf]
[www.geewinexim.com/css/bootstrap.min.css]
[www.geewinexim.com/css/images/ui-icons_444444_256x240.png]
[www.geewinexim.com/css/images/ui-icons_777777_256x240.png]
[www.geewinexim.com/css/images/ui-icons_555555_256x240.png]
[www.geewinexim.com/css/images/ui-icons_ffffff_256x240.png]
[www.geewinexim.com/css/images/ui-icons_777620_256x240.png]
[www.geewinexim.com/css/images/ui-icons_cc0000_256x240.png]
[www.geewinexim.com/css/jquery-ui.min.css]
[www.geewinexim.com/css/animate.css]
[www.geewinexim.com/css/owl.video.play.png]
[www.geewinexim.com/css/fonts/flexslider-icon.a2.delayed]
[www.geewinexim.com/css/fonts/flexslider-icond41d.eot]
[www.geewinexim.com/css/fonts/flexslider-icon.woff]
[www.geewinexim.com/css/fonts/flexslider-icon.ttf]
[www.geewinexim.com/css/fonts/flexslider-icon.svg]
[www.geewinexim.com/css/lightbox/close.png]
[www.geewinexim.com/css/lightbox/loading.gif]
[www.geewinexim.com/css/lightbox/prev.png]
[www.geewinexim.com/css/lightbox/next.png]
[www.geewinexim.com/css/nivolightbox-themes/default/loading.gif]
[www.geewinexim.com/css/nivolightbox-themes/default/prev.png]
[www.geewinexim.com/css/nivolightbox-themes/default/next.png]
[www.geewinexim.com/css/nivolightbox-themes/default/close.png]
[www.geewinexim.com/css/nivolightbox-themes/default/loading@2x.gif]
[www.geewinexim.com/css/nivolightbox-themes/default/prev@2x.png]
[www.geewinexim.com/css/nivolightbox-themes/default/next@2x.png]
[www.geewinexim.com/css/nivolightbox-themes/default/close@2x.png]
[www.geewinexim.com/css/ytplayer/ytp-regular.eot]
[www.geewinexim.com/css/ytplayer/ytp-regular.ttf]
[www.geewinexim.com/css/ytplayer/raster.png]
[www.geewinexim.com/css/ytplayer/raster@2x.png]
[www.geewinexim.com/css/ytplayer/raster_dot.png]
[www.geewinexim.com/css/ytplayer/raster_dot@2x.png]
[www.geewinexim.com/css/bxslider/images/bx_loader.gif]
[www.geewinexim.com/css/bxslider/images/arrow-left.png]
[www.geewinexim.com/css/bxslider/images/arrow-right.png]
[www.geewinexim.com/css/prettyPhoto/default/sprite.png]
[www.geewinexim.com/css/prettyPhoto/default/sprite_x.png]
[www.geewinexim.com/css/prettyPhoto/default/sprite_y.png]
[www.geewinexim.com/css/prettyPhoto/default/sprite_next.png]
[www.geewinexim.com/css/prettyPhoto/default/sprite_prev.png]
[www.geewinexim.com/css/prettyPhoto/default/default_thumb.png]
[www.geewinexim.com/css/prettyPhoto/default/loader.gif]
[www.geewinexim.com/css/prettyPhoto/light_rounded/sprite.png]
[www.geewinexim.com/css/prettyPhoto/light_rounded/btnNext.png]
[www.geewinexim.com/css/prettyPhoto/light_rounded/btnPrevious.png]
[www.geewinexim.com/css/prettyPhoto/dark_rounded/sprite.png]
[www.geewinexim.com/css/prettyPhoto/dark_rounded/contentPattern.png]
[www.geewinexim.com/css/prettyPhoto/dark_rounded/btnNext.png]
[www.geewinexim.com/css/prettyPhoto/dark_rounded/btnPrevious.png]
[www.geewinexim.com/css/prettyPhoto/dark_rounded/loader.gif]
[www.geewinexim.com/css/prettyPhoto/dark_square/loader.gif]
[www.geewinexim.com/css/prettyPhoto/dark_square/sprite.png]
[www.geewinexim.com/css/prettyPhoto/dark_square/btnNext.png]
[www.geewinexim.com/css/prettyPhoto/dark_square/btnPrevious.png]
[www.geewinexim.com/css/prettyPhoto/light_square/sprite.png]
[www.geewinexim.com/css/prettyPhoto/light_square/btnNext.png]
[www.geewinexim.com/css/prettyPhoto/light_square/btnPrevious.png]
[www.geewinexim.com/css/prettyPhoto/facebook/sprite.png]
[www.geewinexim.com/css/prettyPhoto/facebook/contentPatternTop.png]
[www.geewinexim.com/css/prettyPhoto/facebook/contentPatternLeft.png]
[www.geewinexim.com/css/prettyPhoto/facebook/contentPatternRight.png]
[www.geewinexim.com/css/prettyPhoto/facebook/loader.gif]
[www.geewinexim.com/css/prettyPhoto/facebook/btnNext.png]
[www.geewinexim.com/css/prettyPhoto/facebook/btnPrevious.png]
[www.geewinexim.com/css/prettyPhoto/facebook/contentPatternBottom.png]
[www.geewinexim.com/css/prettyPhoto/facebook/default_thumbnail.gif]
[www.geewinexim.com/css/prettyPhoto/light_rounded/loader.gif]
[www.geewinexim.com/css/css-plugin-collections.css]
[www.geewinexim.com/css/menuzord-skins/menuzord-rounded-boxed.css]
[www.geewinexim.com/images/pattern1.png]
[www.geewinexim.com/images/pattern2.png]
[www.geewinexim.com/images/pattern3.png]
[www.geewinexim.com/images/close.png]
[www.geewinexim.com/images/shadow-overlay.png]
[www.geewinexim.com/images/header-bg-pattern.png]
[www.geewinexim.com/images/features-bg.jpg]
[www.geewinexim.com/css/style-main.css]
[www.geewinexim.com/css/colors/theme-skin-green.css]
[www.geewinexim.com/css/preloader.css]
[www.geewinexim.com/css/custom-bootstrap-margin-padding.css]
[www.geewinexim.com/css/responsive.css]
[www.geewinexim.com/images/front-page/form-bg.jpg]
[www.geewinexim.com/images/bgSprite.png]
[www.geewinexim.com/css/style.css]
[www.geewinexim.com/js/revolution-slider/fonts/revicons/revicons90c6.eot]
[www.geewinexim.com/js/revolution-slider/fonts/revicons/revicons90c6.woff]
[www.geewinexim.com/js/revolution-slider/fonts/revicons/revicons90c6.ttf]
[www.geewinexim.com/js/revolution-slider/assets/gridtile.png]
[www.geewinexim.com/js/revolution-slider/assets/gridtile_white.png]
[www.geewinexim.com/js/revolution-slider/assets/gridtile_3x3.png]
[www.geewinexim.com/js/revolution-slider/assets/gridtile_3x3_white.png]
[www.geewinexim.com/js/revolution-slider/assets/coloredbg.png]
[www.geewinexim.com/js/revolution-slider/assets/loader.gif]
[www.geewinexim.com/js/revolution-slider/css/settings.css]
[www.geewinexim.com/js/revolution-slider/css/layers.css]
[www.geewinexim.com/js/revolution-slider/css/navigation.css]
[www.geewinexim.com/js/custom-rev-slider.html]
[www.geewinexim.com/index-2.html]
[www.geewinexim.com/images/banner/profile.jpg]
[www.geewinexim.com/images/quality.jpg]
[www.geewinexim.com/images/client/client2.jpg]
[www.geewinexim.com/images/client/client4.jpg]
[www.geewinexim.com/images/client/client6.jpg]
[www.geewinexim.com/images/client/client7.jpg]
[www.geewinexim.com/images/client/client8.jpg]
[www.geewinexim.com/images/client/client9.jpg]
[www.geewinexim.com/images/client/client10.jpg]
[www.geewinexim.com/images/client/client11.jpg]
[www.geewinexim.com/images/client/client12.jpg]
[www.geewinexim.com/images/client/client13.jpg]
[www.geewinexim.com/images/client/client14.jpg]
[www.geewinexim.com/images/client/client15.jpg]
[www.geewinexim.com/images/client/client16.jpg]
[www.geewinexim.com/profile.html]
[www.geewinexim.com/about.html]
[www.geewinexim.com/images/n.govind-raj(ceo).jpg]
[www.geewinexim.com/management-team.html]
[www.geewinexim.com/images/infra/infra1.jpg]
[www.geewinexim.com/images/infra/infra2.jpg]
[www.geewinexim.com/images/infra/infra3.jpg]
[www.geewinexim.com/images/infra/infra4.jpg]
[www.geewinexim.com/images/infra/infra5.jpg]
[www.geewinexim.com/images/infra/infra6.jpg]
[www.geewinexim.com/images/infra/infra7.jpg]
[www.geewinexim.com/infrastructure.html]
[www.geewinexim.com/images/banner/product.jpg]
[www.geewinexim.com/images/front-page/rice.jpg]
[www.geewinexim.com/images/front-page/cocopeat-block.jpg]
[www.geewinexim.com/images/front-page/mango.jpg]
[www.geewinexim.com/mango-pulp.html]
[www.geewinexim.com/millet.html]
[www.geewinexim.com/images/front-page/millet.jpg]
[www.geewinexim.com/products.html]
[www.geewinexim.com/images/banner/cavendish-banana.jpg]
[www.geewinexim.com/images/products/banana1.jpg]
[www.geewinexim.com/images/products/banana2.jpg]
[www.geewinexim.com/images/products/banana3.jpg]
[www.geewinexim.com/images/products/banana4.jpg]
[www.geewinexim.com/pdf/Cavendich Banana-Geewin.pdf]
[www.geewinexim.com/cavendish-banana.html]
[www.geewinexim.com/images/banner/indian-coconut.jpg]
[www.geewinexim.com/images/products/coconut.jpg]
[www.geewinexim.com/images/products/coconut1.jpg]
[www.geewinexim.com/images/products/coconut2.jpg]
[www.geewinexim.com/images/products/coconut3.jpg]
[www.geewinexim.com/pdf/Indian Coconuts-Geewin.pdf]
[www.geewinexim.com/indian-coconut.html]
[www.geewinexim.com/images/banner/coconut-copra-banner.jpg]
[www.geewinexim.com/images/products/copra3.jpg]
[www.geewinexim.com/images/products/copra1.jpg]
[www.geewinexim.com/images/products/copra2.jpg]
[www.geewinexim.com/images/products/copra4.jpg]
[www.geewinexim.com/coconut-copra.html]
[www.geewinexim.com/images/banner/coconut-shell-1.jpg]
[www.geewinexim.com/images/products/shell-1.jpg]
[www.geewinexim.com/images/products/shell-2.jpg]
[www.geewinexim.com/coconut-shell.html]
[www.geewinexim.com/images/banner/coconut-shell-charcoal-1.jpg]
[www.geewinexim.com/images/products/charcoal-1.jpg]
[www.geewinexim.com/images/products/charcoal-2.jpg]
[www.geewinexim.com/images/products/charcoal-3.jpg]
[www.geewinexim.com/coconut-shell-charcoal.html]
[www.geewinexim.com/images/banner/desiccated-coconut-powder-banner.jpg]
[www.geewinexim.com/images/products/desiccated-Coconut-Powder-1.jpg]
[www.geewinexim.com/images/products/desiccated-Coconut-Powder-2.jpg]
[www.geewinexim.com/images/products/desiccated-Coconut-Powder-3.jpg]
[www.geewinexim.com/images/products/desiccated-Coconut-Powder-4.jpg]
[www.geewinexim.com/images/products/desiccated-Coconut-Powder-5.jpg]
[www.geewinexim.com/desiccated-coconut-powder.html]
[www.geewinexim.com/images/banner/rice-banner1.jpg]
[www.geewinexim.com/images/products/hm-basmati.jpg]
[www.geewinexim.com/basmati-rice.html]
[www.geewinexim.com/images/products/hm-non-basmati.jpg]
[www.geewinexim.com/non-basmati-rice.html]
[www.geewinexim.com/matta-rice.html]
[www.geewinexim.com/images/products/hm-matta.jpg]
[www.geewinexim.com/indian-rice.html]
[www.geewinexim.com/images/banner/coir-fiber-banner.jpg]
[www.geewinexim.com/images/products/coir-fiber2.jpg]
[www.geewinexim.com/images/products/coir-fiber1.jpg]
[www.geewinexim.com/images/products/coir-fiber3.jpg]
[www.geewinexim.com/images/products/coir-fiber.jpg]
[www.geewinexim.com/pdf/Coir Fiber-Geewin.pdf]
[www.geewinexim.com/coir-fiber.html]
[www.geewinexim.com/images/banner/cocopeat-block-banner.jpg]
[www.geewinexim.com/images/products/cocopeat-block.jpg]
[www.geewinexim.com/images/products/cocopeat-block1.jpg]
[www.geewinexim.com/images/products/cocopeat-block2.jpg]
[www.geewinexim.com/images/products/cocopeat-block3.jpg]
[www.geewinexim.com/pdf/Cocopeat-block-Geewin.pdf]
[www.geewinexim.com/cocopeat-block.html]
[www.geewinexim.com/images/banner/grain-pulses.jpg]
[www.geewinexim.com/images/products/hm-chickpeass.jpg]
[www.geewinexim.com/chickpeas.html]
[www.geewinexim.com/images/products/hm-yellow-maize.jpg]
[www.geewinexim.com/yellow-maize.html]
[www.geewinexim.com/grains-and-pulses.html]
[www.geewinexim.com/images/banner/turmeric-banner.jpg]
[www.geewinexim.com/images/products/turmeric-finger.jpg]
[www.geewinexim.com/images/products/turmeric2.jpg]
[www.geewinexim.com/images/products/turmeric1.jpg]
[www.geewinexim.com/images/products/turmeric3.jpg]
[www.geewinexim.com/pdf/Turmeric-Geewin.pdf]
[www.geewinexim.com/turmeric-finger.html]
[www.geewinexim.com/images/banner/dry-red-chilly-banner.jpg]
[www.geewinexim.com/images/products/dry-red-chilly.jpg]
[www.geewinexim.com/images/products/chilli1.jpg]
[www.geewinexim.com/images/products/chilli2.jpg]
[www.geewinexim.com/images/products/chilli3.jpg]
[www.geewinexim.com/pdf/Chilli-Geewin.pdf]
[www.geewinexim.com/dry-red-chilly.html]
[www.geewinexim.com/images/banner/onion.jpg]
[www.geewinexim.com/images/products/onion2.jpg]
[www.geewinexim.com/images/products/onion1.jpg]
[www.geewinexim.com/images/products/onion3.jpg]
[www.geewinexim.com/images/products/onion.jpg]
[www.geewinexim.com/pdf/Onions-Geewin.pdf]
[www.geewinexim.com/onion.html]
[www.geewinexim.com/images/banner/potato.jpg]
[www.geewinexim.com/images/products/potato.jpg]
[www.geewinexim.com/images/products/potato1.jpg]
[www.geewinexim.com/images/products/potato2.jpg]
[www.geewinexim.com/pdf/Potato-Geewin.pdf]
[www.geewinexim.com/potato.html]
[www.geewinexim.com/images/banner/saftey-matches.jpg]
[www.geewinexim.com/images/products/card1.jpg]
[www.geewinexim.com/images/products/barbecue1.jpg]
[www.geewinexim.com/images/products/hm-hotel-matches.jpg]
[www.geewinexim.com/images/products/wax1.jpg]
[www.geewinexim.com/images/products/book1.jpg]
[www.geewinexim.com/images/products/box-type-matches.jpg]
[www.geewinexim.com/images/products/hm-jumbo-match-boxes.jpg]
[www.geewinexim.com/images/products/hm-tent-shape-matches.jpg]
[www.geewinexim.com/images/products/veneer1.jpg]
[www.geewinexim.com/images/products/kitchen1.jpg]
[www.geewinexim.com/safety-matches.html]
[www.geewinexim.com/cardboard-match-boxes.html]
[www.geewinexim.com/barbecue-matches.html]
[www.geewinexim.com/images/products/hotel1.jpg]
[www.geewinexim.com/hotel-matches.html]
[www.geewinexim.com/wax-match-box.html]
[www.geewinexim.com/book-match-box.html]
[www.geewinexim.com/box-type-matches.html]
[www.geewinexim.com/images/products/jumbo1.jpg]
[www.geewinexim.com/jumbo-match-boxes.html]
[www.geewinexim.com/images/products/tent1.jpg]
[www.geewinexim.com/tent-shape-matches.html]
[www.geewinexim.com/veneer-match-boxes.html]
[www.geewinexim.com/kitchen-match-boxes.html]
[www.geewinexim.com/images/banner/certificate.jpg]
[www.geewinexim.com/images/certificates/hm-tuv-2.jpg]
[www.geewinexim.com/images/certificates/coir-product-1.jpg]
[www.geewinexim.com/images/certificates/federation-1.jpg]
[www.geewinexim.com/images/certificates/hm-madurai-1.jpg]
[www.geewinexim.com/images/certificates/madurai-1.jpg]
[www.geewinexim.com/images/certificates/renewal-1.jpg]
[www.geewinexim.com/images/certificates/sm-um-1.jpg]
[www.geewinexim.com/images/certificates/um-21.jpg]
[www.geewinexim.com/certificates.html]
[www.geewinexim.com/images/banner/our-brand.jpg]
[www.geewinexim.com/images/our-brand/aurora.jpg]
[www.geewinexim.com/images/our-brand/coconature.jpg]
[www.geewinexim.com/images/our-brand/crunch-it.jpg]
[www.geewinexim.com/images/our-brand/gk-banana.jpg]
[www.geewinexim.com/images/our-brand/hill-fresh.jpg]
[www.geewinexim.com/images/our-brand/hot-spice.jpg]
[www.geewinexim.com/images/our-brand/pavithram.jpg]
[www.geewinexim.com/images/our-brand/royal-anandham.jpg]
[www.geewinexim.com/brands.html]
[www.geewinexim.com/images/banner/gallery.jpg]
[www.geewinexim.com/images/gallery/gal1-small.jpg]
[www.geewinexim.com/images/gallery/gal1.jpg]
[www.geewinexim.com/images/gallery/gal2-small.jpg]
[www.geewinexim.com/images/gallery/gal2.jpg]
[www.geewinexim.com/images/gallery/gal3-small.jpg]
[www.geewinexim.com/images/gallery/gal3.jpg]
[www.geewinexim.com/images/gallery/gal4-small.jpg]
[www.geewinexim.com/images/gallery/gal4.jpg]
[www.geewinexim.com/images/gallery/gal-banana-small.jpg]
[www.geewinexim.com/images/gallery/gal-banana.jpg]
[www.geewinexim.com/images/gallery/gal29-small.jpg]
[www.geewinexim.com/images/gallery/gal29.jpg]
[www.geewinexim.com/images/gallery/gal30-small.jpg]
[www.geewinexim.com/images/gallery/gal30.jpg]
[www.geewinexim.com/images/gallery/gal31-small.jpg]
[www.geewinexim.com/images/gallery/gal31.jpg]
[www.geewinexim.com/images/gallery/gal32-small.jpg]
[www.geewinexim.com/images/gallery/gal32.jpg]
[www.geewinexim.com/images/gallery/basmati-small.jpg]
[www.geewinexim.com/images/gallery/basmati.jpg]
[www.geewinexim.com/images/gallery/gal33-small.jpg]
[www.geewinexim.com/images/gallery/gal33.jpg]
[www.geewinexim.com/images/gallery/gal34-small.jpg]
[www.geewinexim.com/images/gallery/gal34.jpg]
[www.geewinexim.com/images/gallery/gal35-small.jpg]
[www.geewinexim.com/images/gallery/gal35.jpg]
[www.geewinexim.com/images/gallery/gal36-small.jpg]
[www.geewinexim.com/images/gallery/gal36.jpg]
[www.geewinexim.com/images/gallery/gal37-small.jpg]
[www.geewinexim.com/images/gallery/gal37.jpg]
[www.geewinexim.com/images/gallery/gal38-small.jpg]
[www.geewinexim.com/images/gallery/gal38.jpg]
[www.geewinexim.com/images/gallery/gal39-small.jpg]
[www.geewinexim.com/images/gallery/gal39.jpg]
[www.geewinexim.com/images/gallery/gal40-small.jpg]
[www.geewinexim.com/images/gallery/gal40.jpg]
[www.geewinexim.com/images/gallery/gal41-small.jpg]
[www.geewinexim.com/images/gallery/gal41.jpg]
[www.geewinexim.com/images/gallery/gal42-small.jpg]
[www.geewinexim.com/images/gallery/gal42.jpg]
[www.geewinexim.com/images/gallery/gal43-small.jpg]
[www.geewinexim.com/images/gallery/gal43.jpg]
[www.geewinexim.com/images/gallery/gal44-small.jpg]
[www.geewinexim.com/images/gallery/gal44.jpg]
[www.geewinexim.com/images/gallery/gal45-small.jpg]
[www.geewinexim.com/images/gallery/gal45.jpg]
[www.geewinexim.com/images/gallery/gal46-small.jpg]
[www.geewinexim.com/images/gallery/gal46.jpg]
[www.geewinexim.com/images/gallery/gal47-small.jpg]
[www.geewinexim.com/images/gallery/gal47.jpg]
[www.geewinexim.com/images/gallery/matta-rice1-small.jpg]
[www.geewinexim.com/images/gallery/matta-rice1.jpg]
[www.geewinexim.com/images/gallery/gal48-small.jpg]
[www.geewinexim.com/images/gallery/gal48.jpg]
[www.geewinexim.com/images/gallery/gal49-small.jpg]
[www.geewinexim.com/images/gallery/gal49.jpg]
[www.geewinexim.com/images/gallery/gal50-small.jpg]
[www.geewinexim.com/images/gallery/gal50.jpg]
[www.geewinexim.com/images/gallery/gal51-small.jpg]
[www.geewinexim.com/images/gallery/gal51.jpg]
[www.geewinexim.com/images/gallery/gal52-small.jpg]
[www.geewinexim.com/images/gallery/gal52.jpg]
[www.geewinexim.com/images/gallery/gal53-small.jpg]
[www.geewinexim.com/images/gallery/gal53.jpg]
[www.geewinexim.com/images/gallery/gal54-small.jpg]
[www.geewinexim.com/images/gallery/gal54.jpg]
[www.geewinexim.com/images/gallery/gal55-small.jpg]
[www.geewinexim.com/images/gallery/gal55.jpg]
[www.geewinexim.com/images/gallery/gal56-small.jpg]
[www.geewinexim.com/images/gallery/gal56.jpg]
[www.geewinexim.com/images/gallery/tur-small.jpg]
[www.geewinexim.com/images/gallery/tur.jpg]
[www.geewinexim.com/images/gallery/gal57-small.jpg]
[www.geewinexim.com/images/gallery/gal57.jpg]
[www.geewinexim.com/images/gallery/gal58-small.jpg]
[www.geewinexim.com/images/gallery/gal58.jpg]
[www.geewinexim.com/images/gallery/turmeric2-small.jpg]
[www.geewinexim.com/images/gallery/turmeric2.jpg]
[www.geewinexim.com/images/gallery/gal59-small.jpg]
[www.geewinexim.com/images/gallery/gal59.jpg]
[www.geewinexim.com/images/gallery/gal60-small.jpg]
[www.geewinexim.com/images/gallery/gal60.jpg]
[www.geewinexim.com/images/gallery/gal61-small.jpg]
[www.geewinexim.com/images/gallery/gal61.jpg]
[www.geewinexim.com/images/gallery/gal62-small.jpg]
[www.geewinexim.com/images/gallery/gal62.jpg]
[www.geewinexim.com/images/gallery/gal63-small.jpg]
[www.geewinexim.com/images/gallery/gal63.jpg]
[www.geewinexim.com/images/gallery/gal64-small.jpg]
[www.geewinexim.com/images/gallery/gal64.jpg]
[www.geewinexim.com/images/gallery/gal65-small.jpg]
[www.geewinexim.com/images/gallery/gal65.jpg]
[www.geewinexim.com/images/gallery/gal66-small.jpg]
[www.geewinexim.com/images/gallery/gal66.jpg]
[www.geewinexim.com/images/gallery/gal67-small.jpg]
[www.geewinexim.com/images/gallery/gal67.jpg]
[www.geewinexim.com/images/gallery/gal68-small.jpg]
[www.geewinexim.com/images/gallery/gal68.jpg]
[www.geewinexim.com/images/gallery/gal69-small.jpg]
[www.geewinexim.com/images/gallery/gal69.jpg]
[www.geewinexim.com/images/gallery/gal70-small.jpg]
[www.geewinexim.com/images/gallery/gal70.jpg]
[www.geewinexim.com/images/gallery/gal71-small.jpg]
[www.geewinexim.com/images/gallery/gal71.jpg]
[www.geewinexim.com/images/gallery/gal72-small.jpg]
[www.geewinexim.com/images/gallery/gal72.jpg]
[www.geewinexim.com/images/gallery/gal73-small.jpg]
[www.geewinexim.com/images/gallery/gal73.jpg]
[www.geewinexim.com/images/gallery/gal74-small.jpg]
[www.geewinexim.com/images/gallery/gal74.jpg]
[www.geewinexim.com/images/gallery/gal75-small.jpg]
[www.geewinexim.com/images/gallery/gal75.jpg]
[www.geewinexim.com/images/gallery/gal76-small.jpg]
[www.geewinexim.com/images/gallery/gal76.jpg]
[www.geewinexim.com/images/gallery/gal77-small.jpg]
[www.geewinexim.com/images/gallery/gal77.jpg]
[www.geewinexim.com/images/gallery/gal78-small.jpg]
[www.geewinexim.com/images/gallery/gal78.jpg]
[www.geewinexim.com/images/gallery/gal79-small.jpg]
[www.geewinexim.com/images/gallery/gal79.jpg]
[www.geewinexim.com/images/gallery/gal80-small.jpg]
[www.geewinexim.com/images/gallery/gal80.jpg]
[www.geewinexim.com/images/gallery/gal81-small.jpg]
[www.geewinexim.com/images/gallery/gal81.jpg]
[www.geewinexim.com/images/gallery/gal82-small.jpg]
[www.geewinexim.com/images/gallery/gal82.jpg]
[www.geewinexim.com/images/gallery/gal83-small.jpg]
[www.geewinexim.com/images/gallery/gal83.jpg]
[www.geewinexim.com/images/gallery/gal84-small.jpg]
[www.geewinexim.com/images/gallery/gal84.jpg]
[www.geewinexim.com/images/gallery/gal85-small.jpg]
[www.geewinexim.com/images/gallery/gal85.jpg]
[www.geewinexim.com/images/gallery/gal86-small.jpg]
[www.geewinexim.com/images/gallery/gal86.jpg]
[www.geewinexim.com/images/gallery/gal87-small.jpg]
[www.geewinexim.com/images/gallery/gal87.jpg]
[www.geewinexim.com/images/gallery/gal88-small.jpg]
[www.geewinexim.com/images/gallery/gal88.jpg]
[www.geewinexim.com/images/gallery/gal89-small.jpg]
[www.geewinexim.com/images/gallery/gal89.jpg]
[www.geewinexim.com/images.html]
[www.geewinexim.com/video.html]
[www.geewinexim.com/images/banner/events.jpg]
[www.geewinexim.com/images/events/event31-small.jpg]
[www.geewinexim.com/images/events/event31-big.jpg]
[www.geewinexim.com/images/events/event32-small.jpg]
[www.geewinexim.com/images/events/event32-big.jpg]
[www.geewinexim.com/images/events/event33-small.jpg]
[www.geewinexim.com/images/events/event33-big.jpg]
[www.geewinexim.com/images/events/event34-small.jpg]
[www.geewinexim.com/images/events/event34-big.jpg]
[www.geewinexim.com/images/events/event35-small.jpg]
[www.geewinexim.com/images/events/event35-big.jpg]
[www.geewinexim.com/images/events/event36-small.jpg]
[www.geewinexim.com/images/events/event36-big.jpg]
[www.geewinexim.com/images/events/event37-small.jpg]
[www.geewinexim.com/images/events/event37-big.jpg]
[www.geewinexim.com/images/events/event38-small.jpg]
[www.geewinexim.com/images/events/event38-big.jpg]
[www.geewinexim.com/images/events/event39-small.jpg]
[www.geewinexim.com/images/events/event39-big.jpg]
[www.geewinexim.com/images/events/event40-small.jpg]
[www.geewinexim.com/images/events/event40-big.jpg]
[www.geewinexim.com/images/events/event1-small.jpg]
[www.geewinexim.com/images/events/event1-big.jpg]
[www.geewinexim.com/images/events/event2-small.jpg]
[www.geewinexim.com/images/events/event2-big.jpg]
[www.geewinexim.com/images/events/event3-small.jpg]
[www.geewinexim.com/images/events/event3-big.jpg]
[www.geewinexim.com/images/events/event4-small.jpg]
[www.geewinexim.com/images/events/event4-big.jpg]
[www.geewinexim.com/images/events/event5-small.jpg]
[www.geewinexim.com/images/events/event5-big.jpg]
[www.geewinexim.com/images/events/event6-small.jpg]
[www.geewinexim.com/images/events/event6-big.jpg]
[www.geewinexim.com/images/events/event7-small.jpg]
[www.geewinexim.com/images/events/event7-big.jpg]
[www.geewinexim.com/images/events/event8-small.jpg]
[www.geewinexim.com/images/events/event8-big.jpg]
[www.geewinexim.com/images/events/event9-small.jpg]
[www.geewinexim.com/images/events/event9-big.jpg]
[www.geewinexim.com/images/events/event10-small.jpg]
[www.geewinexim.com/images/events/event10-big.jpg]
[www.geewinexim.com/images/events/event11-small.jpg]
[www.geewinexim.com/images/events/event11-big.jpg]
[www.geewinexim.com/images/events/event12-small.jpg]
[www.geewinexim.com/images/events/event12-big.jpg]
[www.geewinexim.com/images/events/event13-small.jpg]
[www.geewinexim.com/images/events/event13-big.jpg]
[www.geewinexim.com/images/events/event14-small.jpg]
[www.geewinexim.com/images/events/event14-big.jpg]
[www.geewinexim.com/images/events/event15-small.jpg]
[www.geewinexim.com/images/events/event15-big.jpg]
[www.geewinexim.com/images/events/event16-small.jpg]
[www.geewinexim.com/images/events/event16-big.jpg]
[www.geewinexim.com/images/events/event17-small.jpg]
[www.geewinexim.com/images/events/event17-big.jpg]
[www.geewinexim.com/images/events/event18-small.jpg]
[www.geewinexim.com/images/events/event18-big.jpg]
[www.geewinexim.com/images/events/event19-small.jpg]
[www.geewinexim.com/images/events/event19-big.jpg]
[www.geewinexim.com/images/events/event20-small.jpg]
[www.geewinexim.com/images/events/event20-big.jpg]
[www.geewinexim.com/images/events/event21-small.jpg]
[www.geewinexim.com/images/events/event21-big.jpg]
[www.geewinexim.com/images/events/event22-small.jpg]
[www.geewinexim.com/images/events/event22-big.jpg]
[www.geewinexim.com/images/events/event23-small.jpg]
[www.geewinexim.com/images/events/event23-big.jpg]
[www.geewinexim.com/images/events/event24-small.jpg]
[www.geewinexim.com/images/events/event24-big.jpg]
[www.geewinexim.com/images/events/event25-small.jpg]
[www.geewinexim.com/images/events/event25-big.jpg]
[www.geewinexim.com/images/events/event26-small.jpg]
[www.geewinexim.com/images/events/event26-big.jpg]
[www.geewinexim.com/images/events/event27-small.jpg]
[www.geewinexim.com/images/events/event27-big.jpg]
[www.geewinexim.com/images/events/event28-small.jpg]
[www.geewinexim.com/images/events/event28-big.jpg]
[www.geewinexim.com/images/events/event29-small.jpg]
[www.geewinexim.com/images/events/event29-big.jpg]
[www.geewinexim.com/images/events/event30-small.jpg]
[www.geewinexim.com/images/events/event30-big.jpg]
[www.geewinexim.com/event.html]
[easy-data.mdbgo.io/img/favicon/favicon-32x32.png]
[use.fontawesome.com/releases/v5.11.2/css/all.css]
[www.geewinexim.com/css/mdb.min.css]
[www.geewinexim.com/js/mdb.min.js]
[apis.google.com/js/api.js]
[www.geewinexim.com/js/easyData-google-sheets.js]
[www.geewinexim.com/product-price/index.html]
[www.geewinexim.com/js/sheet-script.js]
[www.geewinexim.com/price-details.html]
[www.geewinexim.com/images/banner/gherkins.jpg]
[www.geewinexim.com/images/products/gerkins1.jpg]
[www.geewinexim.com/images/products/gerkins2.jpg]
[www.geewinexim.com/images/products/gerkins3.jpg]
[www.geewinexim.com/images/products/gherkins.jpg]
[www.geewinexim.com/pdf/Gherkins-Geewin.pdf]
[www.geewinexim.com/gherkins.html]
[www.geewinexim.com/images/banner/indian-spices.jpg]
[www.geewinexim.com/images/products/hm-sesame-seeds.jpg]
[www.geewinexim.com/sesame-seeds.html]
[www.geewinexim.com/images/products/hm-black-pepper.jpg]
[www.geewinexim.com/black-pepper.html]
[www.geewinexim.com/fresh-ginger.html]
[www.geewinexim.com/images/products/hm-fresh-ginger.jpg]
[www.geewinexim.com/dried-ginger.html]
[www.geewinexim.com/images/products/hm-dried-ginger.jpg]
[www.geewinexim.com/images/products/hm-cumin-seed.jpg]
[www.geewinexim.com/cumin-seed.html]
[www.geewinexim.com/images/products/hm-nutmeg-nut.jpg]
[www.geewinexim.com/nutmeg-nut.html]
[www.geewinexim.com/tamarind.html]
[www.geewinexim.com/images/products/hm-tamarind.jpg]
[www.geewinexim.com/coriander-seed-and-powder.html]
[www.geewinexim.com/images/products/hm-coriander.jpg]
[www.geewinexim.com/indian-spices.html]
[www.geewinexim.com/images/banner/cashew-nuts.jpg]
[www.geewinexim.com/images/products/cashew1.jpg]
[www.geewinexim.com/images/products/cashew2.jpg]
[www.geewinexim.com/images/products/cashew3.jpg]
[www.geewinexim.com/images/products/cashew4.jpg]
[www.geewinexim.com/pdf/Cashewnuts-Geewin.pdf]
[www.geewinexim.com/cashew-nuts.html]
[www.geewinexim.com/images/banner/eggs.jpg]
[www.geewinexim.com/images/products/chicken-eggs.jpg]
[www.geewinexim.com/images/products/egg2.jpg]
[www.geewinexim.com/images/products/egg1.jpg]
[www.geewinexim.com/images/products/egg4.jpg]
[www.geewinexim.com/pdf/Eggs-Geewin.pdf]
[www.geewinexim.com/chicken-eggs.html]
[www.geewinexim.com/images/banner/fresh-vegetables.jpg]
[www.geewinexim.com/images/fresh/fresh1.jpg]
[www.geewinexim.com/images/fresh/fresh2.jpg]
[www.geewinexim.com/images/fresh/fresh3.jpg]
[www.geewinexim.com/images/fresh/fresh4.jpg]
[www.geewinexim.com/images/fresh/fresh5.jpg]
[www.geewinexim.com/images/fresh/fresh6.jpg]
[www.geewinexim.com/images/fresh/fresh7.jpg]
[www.geewinexim.com/images/fresh/fresh8.jpg]
[www.geewinexim.com/images/fresh/fresh9.jpg]
[www.geewinexim.com/images/fresh/fresh10.jpg]
[www.geewinexim.com/images/fresh/fresh11.jpg]
[www.geewinexim.com/images/fresh/fresh12.jpg]
[www.geewinexim.com/images/fresh/fresh13.jpg]
[www.geewinexim.com/images/fresh/fresh14.jpg]
[www.geewinexim.com/images/fresh/fresh15.jpg]
[www.geewinexim.com/images/fresh/fresh16.jpg]
[www.geewinexim.com/images/fresh/fresh17.jpg]
[www.geewinexim.com/images/fresh/fresh18.jpg]
[www.geewinexim.com/images/fresh/fresh19.jpg]
[www.geewinexim.com/images/fresh/fresh20.jpg]
[www.geewinexim.com/images/fresh/fresh21.jpg]
[www.geewinexim.com/images/fresh/fresh22.jpg]
[www.geewinexim.com/images/fresh/fresh23.jpg]
[www.geewinexim.com/images/fresh/fresh24.jpg]
[www.geewinexim.com/images/fresh/fresh25.jpg]
[www.geewinexim.com/images/fresh/fresh26.jpg]
[www.geewinexim.com/images/fresh/fresh27.jpg]
[www.geewinexim.com/images/fresh/fresh28.jpg]
[www.geewinexim.com/images/fresh/fresh29.jpg]
[www.geewinexim.com/images/fresh/fresh30.jpg]
[www.geewinexim.com/images/fresh/fresh31.jpg]
[www.geewinexim.com/images/fresh/fresh32.jpg]
[www.geewinexim.com/images/fresh/fresh34.jpg]
[www.geewinexim.com/pdf/Vegetables-Geewin.pdf]
[www.geewinexim.com/fresh-vegetables.html]
[www.geewinexim.com/images/banner/tea-banner1.jpg]
[www.geewinexim.com/images/products/tea1.jpg]
[www.geewinexim.com/images/products/tea2.jpg]
[www.geewinexim.com/images/products/tea3.jpg]
[www.geewinexim.com/images/products/tea4.jpg]
[www.geewinexim.com/pdf/Indian tea-Geewin.pdf]
[www.geewinexim.com/tea.html]
[cdnjs.cloudflare.com/ajax/libs/font-awesome/4.7.0/css/font-awesome.min.css]
[www.geewinexim.com/fonts/glyphicons-halflings-regular.svg]
[www.geewinexim.com/css/owl.video.play.html]
[www.geewinexim.com/css/fonts/flexslider-icon.html]
[www.geewinexim.com/css/fonts/flexslider-icond41d.html]
[www.geewinexim.com/css/fonts/flexslider-icon-2.html]
[www.geewinexim.com/css/fonts/flexslider-icon-3.html]
[www.geewinexim.com/css/fonts/flexslider-icon-4.html]
[www.geewinexim.com/css/ytplayer/ytp-regular.html]
[www.geewinexim.com/css/ytplayer/ytp-regular-2.html]
[www.geewinexim.com/css/ytplayer/raster.html]
[www.geewinexim.com/css/ytplayer/raster@2x.html]
[www.geewinexim.com/css/ytplayer/raster_dot.html]
[www.geewinexim.com/css/ytplayer/raster_dot@2x.html]
[www.geewinexim.com/css/bxslider/images/bx_loader.html]
[www.geewinexim.com/css/bxslider/images/arrow-left.html]
[www.geewinexim.com/css/bxslider/images/arrow-right.html]
[www.geewinexim.com/fonts/fontawesome-webfont3295.eot]
[www.geewinexim.com/fonts/fontawesome-webfontd41d.eot]
[www.geewinexim.com/fonts/fontawesome-webfont3295.woff2]
[www.geewinexim.com/fonts/fontawesome-webfont3295.woff]
[www.geewinexim.com/fonts/fontawesome-webfont3295.ttf]
[www.geewinexim.com/css/font-awesome.min.css]
[www.geewinexim.com/css/font-awesome-animation.min.css]
[www.geewinexim.com/fonts/Pe-icon-7-strokebb1d.eot]
[www.geewinexim.com/fonts/Pe-icon-7-stroked41d.eot]
[www.geewinexim.com/fonts/Pe-icon-7-strokebb1d.woff]
[www.geewinexim.com/fonts/Pe-icon-7-strokebb1d.ttf]
[www.geewinexim.com/css/pe-icon-7-stroke.css]
[www.geewinexim.com/fonts/flaticon-gardening/fonts/flaticon-gardeningaa7e.eot]
[www.geewinexim.com/fonts/flaticon-gardening/fonts/flaticon-gardeningaa7e.ttf]
[www.geewinexim.com/fonts/flaticon-gardening/fonts/flaticon-gardeningaa7e.woff]
[www.geewinexim.com/css//fonts/flaticon-gardening/fonts/flaticon-gardeningaa7e.svg]
[www.geewinexim.com/css/flaticon-gardening.css]
[www.geewinexim.com/images/shadow-overlay.html]
[www.geewinexim.com/images/features-bg.html]
[www.geewinexim.com/js/revolution-slider/fonts/revicons/revicons90c6.svg]
[www.geewinexim.com/js/revolution-slider/css/openhand.html]
[www.geewinexim.com/js/revolution-slider/css/closedhand.html]
[www.geewinexim.com/images/icons/search.svg]
[www.geewinexim.com/images/icons/scale.svg]
[www.geewinexim.com/images/banner/mango-pulp.jpg]
[www.geewinexim.com/images/products/mango2.jpg]
[www.geewinexim.com/images/products/mango1.jpg]
[www.geewinexim.com/images/products/mango3.jpg]
[www.geewinexim.com/images/products/mango4.jpg]
[www.geewinexim.com/pdf/Mango pulp-Geewin.pdf]
[www.geewinexim.com/mango-pulp.html]
[www.geewinexim.com/images/banner/millet.jpg]
[www.geewinexim.com/images/products/millet3.jpg]
[www.geewinexim.com/images/products/millet1.jpg]
[www.geewinexim.com/images/products/millet2.jpg]
[www.geewinexim.com/images/products/millet4.jpg]
[www.geewinexim.com/pdf/Millets-Geewin.pdf]
[www.geewinexim.com/millet.html]
[www.geewinexim.com/images/banner/indian-rice.jpg]
[www.geewinexim.com/images/products/basmati-rice.jpg]
[www.geewinexim.com/images/products/basmati1.jpg]
[www.geewinexim.com/images/products/basmati2.jpg]
[www.geewinexim.com/images/products/basmati3.jpg]
[www.geewinexim.com/pdf/Basmati Rice-Geewin.pdf]
[www.geewinexim.com/basmati-rice.html]
[www.geewinexim.com/images/products/non-basmati-rice.jpg]
[www.geewinexim.com/images/products/non-basmati1.jpg]
[www.geewinexim.com/images/products/non-basmati2.jpg]
[www.geewinexim.com/images/products/non-basmati3.jpg]
[www.geewinexim.com/pdf/Non Basmati Rice-Geewin.pdf]
[www.geewinexim.com/non-basmati-rice.html]
[www.geewinexim.com/images/products/matta-rice.jpg]
[www.geewinexim.com/images/products/matta1.jpg]
[www.geewinexim.com/images/products/matta2.jpg]
[www.geewinexim.com/images/products/matta3.jpg]
[www.geewinexim.com/matta-rice.html]
[www.geewinexim.com/images/products/chickpeas1.jpg]
[www.geewinexim.com/pdf/Chickpeas-Geewin.pdf]
[www.geewinexim.com/chickpeas.html]
[www.geewinexim.com/images/products/maize4.jpg]
[www.geewinexim.com/images/products/maize1.jpg]
[www.geewinexim.com/images/products/maize2.jpg]
[www.geewinexim.com/images/products/maize3.jpg]
[www.geewinexim.com/pdf/Maize-Geewin.pdf]
[www.geewinexim.com/yellow-maize.html]
[use.fontawesome.com/releases/v5.11.2/css/all.css]
[www.geewinexim.com/css/mdb.min.html]
[www.geewinexim.com/js/mdb.min.html]
[www.geewinexim.com/js/easyData-google-sheets.html]
[www.geewinexim.com/product-price/js/mdb.min.js]
[www.geewinexim.com/product-price/js/easyData-google-sheets.js]
[www.geewinexim.com/product-price/index.html]
[www.geewinexim.com/images/products/sesame3.jpg]
[www.geewinexim.com/images/products/sesame1.jpg]
[www.geewinexim.com/images/products/sesame2.jpg]
[www.geewinexim.com/images/products/sesame4.jpg]
[www.geewinexim.com/pdf/spices.pdf]
[www.geewinexim.com/sesame-seeds.html]
[www.geewinexim.com/images/products/black-pepper3.jpg]
[www.geewinexim.com/images/products/black-pepper1.jpg]
[www.geewinexim.com/images/products/black-pepper2.jpg]
[www.geewinexim.com/images/products/black-pepper.jpg]
[www.geewinexim.com/black-pepper.html]
[www.geewinexim.com/images/products/fresh3.jpg]
[www.geewinexim.com/images/products/fresh2.jpg]
[www.geewinexim.com/images/products/fresh1.jpg]
[www.geewinexim.com/images/products/fresh-ginger.jpg]
[www.geewinexim.com/fresh-ginger.html]
[www.geewinexim.com/images/products/dried1.jpg]
[www.geewinexim.com/images/products/dried2.jpg]
[www.geewinexim.com/images/products/dried3.jpg]
[www.geewinexim.com/images/products/dried-ginger.jpg]
[www.geewinexim.com/dried-ginger.html]
[www.geewinexim.com/images/products/cumin-seed1.jpg]
[www.geewinexim.com/images/products/cumin-seed2.jpg]
[www.geewinexim.com/images/products/cumin-seed3.jpg]
[www.geewinexim.com/images/products/cumin-seed.jpg]
[www.geewinexim.com/cumin-seed.html]
[www.geewinexim.com/images/products/nut2.jpg]
[www.geewinexim.com/images/products/nut4.jpg]
[www.geewinexim.com/nutmeg-nut.html]
[www.geewinexim.com/images/products/tamarind.jpg]
[www.geewinexim.com/images/products/tamarind1.jpg]
[www.geewinexim.com/images/products/tamarind2.jpg]
[www.geewinexim.com/images/products/tamarind3.jpg]
[www.geewinexim.com/tamarind.html]
[www.geewinexim.com/images/products/coriander-seed-powder.jpg]
[www.geewinexim.com/coriander-seed-and-powder.html]
[www.geewinexim.com/fonts/fontawesome-webfont3295.svg]
[www.geewinexim.com/fonts/Pe-icon-7-strokebb1d.svg]
[www.geewinexim.com/css//fonts/flaticon-gardening/fonts/flaticon-gardeningaa7e.html]
[www.geewinexim.com/contact.html]
[mdbootstrap.com/img/svg/flags.png]
[www.geewinexim.com/product-price/css/mdb.min.css]
[www.geewinexim.com/images/products/nut1.jpg]
[www.geewinexim.com/images/products/nut3.jpg]
